
> vite_react_shadcn_ts@0.0.0 build /Users/abhishekverma/Desktop/Cluster/Projects/hrm8/frontend
> vite build

vite v5.4.21 building for production...
transforming...
✓ 5790 modules transformed.
rendering chunks...
[plugin:vite:reporter] [plugin vite:reporter] 
(!) /Users/abhishekverma/Desktop/Cluster/Projects/hrm8/frontend/src/lib/api.ts is dynamically imported by /Users/abhishekverma/Desktop/Cluster/Projects/hrm8/frontend/src/pages/candidate/CandidateDashboardHome.tsx but also statically imported by /Users/abhishekverma/Desktop/Cluster/Projects/hrm8/frontend/src/components/admin/settings/JobCategoriesTab.tsx, /Users/abhishekverma/Desktop/Cluster/Projects/hrm8/frontend/src/components/admin/settings/JobTagsTab.tsx, /Users/abhishekverma/Desktop/Cluster/Projects/hrm8/frontend/src/components/admin/settings/PromoCodesTab.tsx, /Users/abhishekverma/Desktop/Cluster/Projects/hrm8/frontend/src/components/applications/AssessmentGradingDialog.tsx, /Users/abhishekverma/Desktop/Cluster/Projects/hrm8/frontend/src/components/applications/AssessmentReviewDrawer.tsx, /Users/abhishekverma/Desktop/Cluster/Projects/hrm8/frontend/src/components/candidate/JobApplicationForm.tsx, /Users/abhishekverma/Desktop/Cluster/Projects/hrm8/frontend/src/components/dev/DeveloperTools.tsx, /Users/abhishekverma/Desktop/Cluster/Projects/hrm8/frontend/src/components/messages/MessageInput.tsx, /Users/abhishekverma/Desktop/Cluster/Projects/hrm8/frontend/src/hooks/useJobCategoriesTags.ts, /Users/abhishekverma/Desktop/Cluster/Projects/hrm8/frontend/src/lib/admin/withdrawalService.ts, /Users/abhishekverma/Desktop/Cluster/Projects/hrm8/frontend/src/lib/analytics.ts, /Users/abhishekverma/Desktop/Cluster/Projects/hrm8/frontend/src/lib/api/assessmentService.ts, /Users/abhishekverma/Desktop/Cluster/Projects/hrm8/frontend/src/lib/api/companySettingsService.ts, /Users/abhishekverma/Desktop/Cluster/Projects/hrm8/frontend/src/lib/api/emailInboxService.ts, /Users/abhishekverma/Desktop/Cluster/Projects/hrm8/frontend/src/lib/api/emailTemplateService.ts, /Users/abhishekverma/Desktop/Cluster/Projects/hrm8/frontend/src/lib/api/emailTriggerService.ts, /Users/abhishekverma/Desktop/Cluster/Projects/hrm8/frontend/src/lib/api/hiringTeamService.ts, /Users/abhishekverma/Desktop/Cluster/Projects/hrm8/frontend/src/lib/api/interviewService.ts, /Users/abhishekverma/Desktop/Cluster/Projects/hrm8/frontend/src/lib/api/jobDescriptionService.ts, /Users/abhishekverma/Desktop/Cluster/Projects/hrm8/frontend/src/lib/api/jobRoundService.ts, /Users/abhishekverma/Desktop/Cluster/Projects/hrm8/frontend/src/lib/api/jobService.ts, /Users/abhishekverma/Desktop/Cluster/Projects/hrm8/frontend/src/lib/api/jobTemplateService.ts, /Users/abhishekverma/Desktop/Cluster/Projects/hrm8/frontend/src/lib/api/offerService.ts, /Users/abhishekverma/Desktop/Cluster/Projects/hrm8/frontend/src/lib/api/questionService.ts, /Users/abhishekverma/Desktop/Cluster/Projects/hrm8/frontend/src/lib/api/userService.ts, /Users/abhishekverma/Desktop/Cluster/Projects/hrm8/frontend/src/lib/applicationService.ts, /Users/abhishekverma/Desktop/Cluster/Projects/hrm8/frontend/src/lib/authService.ts, /Users/abhishekverma/Desktop/Cluster/Projects/hrm8/frontend/src/lib/candidateAssessmentService.ts, /Users/abhishekverma/Desktop/Cluster/Projects/hrm8/frontend/src/lib/candidateAuthService.ts, /Users/abhishekverma/Desktop/Cluster/Projects/hrm8/frontend/src/lib/company/contactService.ts, /Users/abhishekverma/Desktop/Cluster/Projects/hrm8/frontend/src/lib/company/refundRequestService.ts, /Users/abhishekverma/Desktop/Cluster/Projects/hrm8/frontend/src/lib/company/transactionService.ts, /Users/abhishekverma/Desktop/Cluster/Projects/hrm8/frontend/src/lib/companyProfileService.ts, /Users/abhishekverma/Desktop/Cluster/Projects/hrm8/frontend/src/lib/companySettingsService.ts, /Users/abhishekverma/Desktop/Cluster/Projects/hrm8/frontend/src/lib/consultant/consultantService.ts, /Users/abhishekverma/Desktop/Cluster/Projects/hrm8/frontend/src/lib/consultantAuthService.ts, /Users/abhishekverma/Desktop/Cluster/Projects/hrm8/frontend/src/lib/hrm8/billingApiService.ts, /Users/abhishekverma/Desktop/Cluster/Projects/hrm8/frontend/src/lib/hrm8/commissionService.ts, /Users/abhishekverma/Desktop/Cluster/Projects/hrm8/frontend/src/lib/hrm8/jobAllocationService.ts, /Users/abhishekverma/Desktop/Cluster/Projects/hrm8/frontend/src/lib/hrm8/leadConversionAdminService.ts, /Users/abhishekverma/Desktop/Cluster/Projects/hrm8/frontend/src/lib/hrm8/licenseeService.ts, /Users/abhishekverma/Desktop/Cluster/Projects/hrm8/frontend/src/lib/hrm8/pricingService.ts, /Users/abhishekverma/Desktop/Cluster/Projects/hrm8/frontend/src/lib/hrm8/refundRequestService.ts, /Users/abhishekverma/Desktop/Cluster/Projects/hrm8/frontend/src/lib/hrm8/regionService.ts, /Users/abhishekverma/Desktop/Cluster/Projects/hrm8/frontend/src/lib/hrm8/regionalSalesService.ts, /Users/abhishekverma/Desktop/Cluster/Projects/hrm8/frontend/src/lib/hrm8/revenueAnalyticsService.ts, /Users/abhishekverma/Desktop/Cluster/Projects/hrm8/frontend/src/lib/hrm8/revenueService.ts, /Users/abhishekverma/Desktop/Cluster/Projects/hrm8/frontend/src/lib/hrm8/settlementService.ts, /Users/abhishekverma/Desktop/Cluster/Projects/hrm8/frontend/src/lib/hrm8/staffService.ts, /Users/abhishekverma/Desktop/Cluster/Projects/hrm8/frontend/src/lib/hrm8AuthService.ts, /Users/abhishekverma/Desktop/Cluster/Projects/hrm8/frontend/src/lib/invitationService.ts, /Users/abhishekverma/Desktop/Cluster/Projects/hrm8/frontend/src/lib/jobService.ts, /Users/abhishekverma/Desktop/Cluster/Projects/hrm8/frontend/src/lib/messagingService.ts, /Users/abhishekverma/Desktop/Cluster/Projects/hrm8/frontend/src/lib/payments.ts, /Users/abhishekverma/Desktop/Cluster/Projects/hrm8/frontend/src/lib/sales/leadConversionService.ts, /Users/abhishekverma/Desktop/Cluster/Projects/hrm8/frontend/src/lib/sales/salesService.ts, /Users/abhishekverma/Desktop/Cluster/Projects/hrm8/frontend/src/lib/signupRequestService.ts, /Users/abhishekverma/Desktop/Cluster/Projects/hrm8/frontend/src/lib/videoInterviewService.ts, /Users/abhishekverma/Desktop/Cluster/Projects/hrm8/frontend/src/pages/ats/CareersPageAdmin.tsx, /Users/abhishekverma/Desktop/Cluster/Projects/hrm8/frontend/src/pages/candidate/ApplicationsPage.tsx, /Users/abhishekverma/Desktop/Cluster/Projects/hrm8/frontend/src/pages/candidate/CareersPage.tsx, /Users/abhishekverma/Desktop/Cluster/Projects/hrm8/frontend/src/pages/candidate/CompanyDetailPage.tsx, /Users/abhishekverma/Desktop/Cluster/Projects/hrm8/frontend/src/pages/candidate/DocumentsPage.tsx, /Users/abhishekverma/Desktop/Cluster/Projects/hrm8/frontend/src/pages/candidate/JobDetailPage.tsx, /Users/abhishekverma/Desktop/Cluster/Projects/hrm8/frontend/src/pages/candidate/JobSearchPage.tsx, /Users/abhishekverma/Desktop/Cluster/Projects/hrm8/frontend/src/pages/candidate/NotificationsPage.tsx, /Users/abhishekverma/Desktop/Cluster/Projects/hrm8/frontend/src/pages/candidate/ProfilePage.tsx, /Users/abhishekverma/Desktop/Cluster/Projects/hrm8/frontend/src/pages/candidate/QualificationsPage.tsx, /Users/abhishekverma/Desktop/Cluster/Projects/hrm8/frontend/src/pages/candidate/SavedJobsPage.tsx, /Users/abhishekverma/Desktop/Cluster/Projects/hrm8/frontend/src/pages/candidate/WorkHistoryPage.tsx, /Users/abhishekverma/Desktop/Cluster/Projects/hrm8/frontend/src/pages/hrm8/CareersRequestsPage.tsx, /Users/abhishekverma/Desktop/Cluster/Projects/hrm8/frontend/src/pages/hrm8/Hrm8CompanyJobsPage.tsx, /Users/abhishekverma/Desktop/Cluster/Projects/hrm8/frontend/src/pages/hrm8/Hrm8JobBoardPage.tsx, /Users/abhishekverma/Desktop/Cluster/Projects/hrm8/frontend/src/pages/hrm8/Hrm8JobDetailPage.tsx, /Users/abhishekverma/Desktop/Cluster/Projects/hrm8/frontend/src/pages/hrm8/RegionalLeadsPage.tsx, /Users/abhishekverma/Desktop/Cluster/Projects/hrm8/frontend/src/pages/public/TakeAssessment.tsx, /Users/abhishekverma/Desktop/Cluster/Projects/hrm8/frontend/src/services/resumeAnnotationService.ts, dynamic import will not move module into another chunk.

[plugin:vite:reporter] [plugin vite:reporter] 
(!) /Users/abhishekverma/Desktop/Cluster/Projects/hrm8/frontend/src/components/ui/sidebar.tsx is dynamically imported by /Users/abhishekverma/Desktop/Cluster/Projects/hrm8/frontend/src/components/layouts/CandidateHeader.tsx but also statically imported by /Users/abhishekverma/Desktop/Cluster/Projects/hrm8/frontend/src/components/layouts/AppSidebar.tsx, /Users/abhishekverma/Desktop/Cluster/Projects/hrm8/frontend/src/components/layouts/CandidateLayout.tsx, /Users/abhishekverma/Desktop/Cluster/Projects/hrm8/frontend/src/components/layouts/CandidateSidebar.tsx, /Users/abhishekverma/Desktop/Cluster/Projects/hrm8/frontend/src/components/layouts/CandidateSidebarFooter.tsx, /Users/abhishekverma/Desktop/Cluster/Projects/hrm8/frontend/src/components/layouts/ConsultantHeader.tsx, /Users/abhishekverma/Desktop/Cluster/Projects/hrm8/frontend/src/components/layouts/ConsultantLayout.tsx, /Users/abhishekverma/Desktop/Cluster/Projects/hrm8/frontend/src/components/layouts/ConsultantSidebar.tsx, /Users/abhishekverma/Desktop/Cluster/Projects/hrm8/frontend/src/components/layouts/ConsultantSidebarFooter.tsx, /Users/abhishekverma/Desktop/Cluster/Projects/hrm8/frontend/src/components/layouts/DashboardHeader.tsx, /Users/abhishekverma/Desktop/Cluster/Projects/hrm8/frontend/src/components/layouts/DashboardLayout.tsx, /Users/abhishekverma/Desktop/Cluster/Projects/hrm8/frontend/src/components/layouts/Hrm8Header.tsx, /Users/abhishekverma/Desktop/Cluster/Projects/hrm8/frontend/src/components/layouts/Hrm8Layout.tsx, /Users/abhishekverma/Desktop/Cluster/Projects/hrm8/frontend/src/components/layouts/Hrm8Sidebar.tsx, /Users/abhishekverma/Desktop/Cluster/Projects/hrm8/frontend/src/components/layouts/Hrm8SidebarFooter.tsx, /Users/abhishekverma/Desktop/Cluster/Projects/hrm8/frontend/src/components/layouts/SalesLayout.tsx, /Users/abhishekverma/Desktop/Cluster/Projects/hrm8/frontend/src/components/layouts/SalesSidebar.tsx, /Users/abhishekverma/Desktop/Cluster/Projects/hrm8/frontend/src/components/layouts/SidebarFooterContent.tsx, dynamic import will not move module into another chunk.

[plugin:vite:reporter] [plugin vite:reporter] 
(!) /Users/abhishekverma/Desktop/Cluster/Projects/hrm8/frontend/src/lib/company/refundRequestService.ts is dynamically imported by /Users/abhishekverma/Desktop/Cluster/Projects/hrm8/frontend/src/components/company/TransactionHistoryCard.tsx but also statically imported by /Users/abhishekverma/Desktop/Cluster/Projects/hrm8/frontend/src/components/company/RefundRequestDialog.tsx, dynamic import will not move module into another chunk.

[plugin:vite:reporter] [plugin vite:reporter] 
(!) /Users/abhishekverma/Desktop/Cluster/Projects/hrm8/frontend/src/lib/consultantStorage.ts is dynamically imported by /Users/abhishekverma/Desktop/Cluster/Projects/hrm8/frontend/src/pages/ConsultantsPage.tsx, /Users/abhishekverma/Desktop/Cluster/Projects/hrm8/frontend/src/pages/ConsultantsPage.tsx but also statically imported by /Users/abhishekverma/Desktop/Cluster/Projects/hrm8/frontend/src/components/consultants/detail/settings/PersonalSettingsCard.tsx, /Users/abhishekverma/Desktop/Cluster/Projects/hrm8/frontend/src/components/consultants/workload/ConsultantWorkloadColumns.tsx, /Users/abhishekverma/Desktop/Cluster/Projects/hrm8/frontend/src/components/consultants/workload/TeamCalendarView.tsx, /Users/abhishekverma/Desktop/Cluster/Projects/hrm8/frontend/src/components/employers/detail/services/RPOServiceDetailDialog.tsx, /Users/abhishekverma/Desktop/Cluster/Projects/hrm8/frontend/src/components/employers/detail/services/RPOTeamSelector.tsx, /Users/abhishekverma/Desktop/Cluster/Projects/hrm8/frontend/src/components/rpo/RPOConsultantAssignmentDialog.tsx, /Users/abhishekverma/Desktop/Cluster/Projects/hrm8/frontend/src/components/rpo/RPOTaskDialog.tsx, /Users/abhishekverma/Desktop/Cluster/Projects/hrm8/frontend/src/lib/consultantAssignmentStorage.ts, /Users/abhishekverma/Desktop/Cluster/Projects/hrm8/frontend/src/lib/consultantWorkloadUtils.ts, /Users/abhishekverma/Desktop/Cluster/Projects/hrm8/frontend/src/lib/rpoConsultantAssignmentUtils.ts, /Users/abhishekverma/Desktop/Cluster/Projects/hrm8/frontend/src/lib/rpoConsultantAvailabilityUtils.ts, /Users/abhishekverma/Desktop/Cluster/Projects/hrm8/frontend/src/lib/rpoTrackingUtils.ts, /Users/abhishekverma/Desktop/Cluster/Projects/hrm8/frontend/src/lib/workloadForecastUtils.ts, /Users/abhishekverma/Desktop/Cluster/Projects/hrm8/frontend/src/pages/ConsultantDetail.tsx, /Users/abhishekverma/Desktop/Cluster/Projects/hrm8/frontend/src/pages/ConsultantsPage.tsx, dynamic import will not move module into another chunk.

[plugin:vite:reporter] [plugin vite:reporter] 
(!) /Users/abhishekverma/Desktop/Cluster/Projects/hrm8/frontend/src/lib/aiInterview/aiInterviewStorage.ts is dynamically imported by /Users/abhishekverma/Desktop/Cluster/Projects/hrm8/frontend/src/pages/ats/PipelineKanban.tsx but also statically imported by /Users/abhishekverma/Desktop/Cluster/Projects/hrm8/frontend/src/components/aiInterview/calendar/AIInterviewCalendar.tsx, /Users/abhishekverma/Desktop/Cluster/Projects/hrm8/frontend/src/components/aiInterview/comparison/InterviewComparisonTool.tsx, /Users/abhishekverma/Desktop/Cluster/Projects/hrm8/frontend/src/components/aiInterview/dashboard/AIInterviewPerformanceChart.tsx, /Users/abhishekverma/Desktop/Cluster/Projects/hrm8/frontend/src/components/aiInterview/wizard/AIInterviewWizard.tsx, /Users/abhishekverma/Desktop/Cluster/Projects/hrm8/frontend/src/components/applications/AIInterviewScoreBadge.tsx, /Users/abhishekverma/Desktop/Cluster/Projects/hrm8/frontend/src/components/candidates/AIInterviewScoreBadge.tsx, /Users/abhishekverma/Desktop/Cluster/Projects/hrm8/frontend/src/components/candidates/AIInterviewsTab.tsx, /Users/abhishekverma/Desktop/Cluster/Projects/hrm8/frontend/src/components/jobs/aiInterview/BulkScheduleDialog.tsx, /Users/abhishekverma/Desktop/Cluster/Projects/hrm8/frontend/src/components/pipeline/CandidateCard.tsx, /Users/abhishekverma/Desktop/Cluster/Projects/hrm8/frontend/src/hooks/useAIInterview.ts, /Users/abhishekverma/Desktop/Cluster/Projects/hrm8/frontend/src/lib/addons/combinedAnalytics.ts, /Users/abhishekverma/Desktop/Cluster/Projects/hrm8/frontend/src/lib/aiInterview/dashboardStats.ts, /Users/abhishekverma/Desktop/Cluster/Projects/hrm8/frontend/src/lib/aiInterview/dataValidation.ts, /Users/abhishekverma/Desktop/Cluster/Projects/hrm8/frontend/src/lib/aiInterview/devUtils.ts, /Users/abhishekverma/Desktop/Cluster/Projects/hrm8/frontend/src/lib/aiInterview/initializeMockData.ts, /Users/abhishekverma/Desktop/Cluster/Projects/hrm8/frontend/src/pages/ats/AIInterviewAnalytics.tsx, /Users/abhishekverma/Desktop/Cluster/Projects/hrm8/frontend/src/pages/ats/AIInterviewSession.tsx, /Users/abhishekverma/Desktop/Cluster/Projects/hrm8/frontend/src/pages/ats/AIInterviews.tsx, dynamic import will not move module into another chunk.

[plugin:vite:reporter] [plugin vite:reporter] 
(!) /Users/abhishekverma/Desktop/Cluster/Projects/hrm8/frontend/src/lib/backgroundChecks/statusUpdateService.ts is dynamically imported by /Users/abhishekverma/Desktop/Cluster/Projects/hrm8/frontend/src/lib/mockBackgroundCheckStorage.ts but also statically imported by /Users/abhishekverma/Desktop/Cluster/Projects/hrm8/frontend/src/lib/backgroundChecks/consentService.ts, dynamic import will not move module into another chunk.

[plugin:vite:reporter] [plugin vite:reporter] 
(!) /Users/abhishekverma/Desktop/Cluster/Projects/hrm8/frontend/src/lib/employerService.ts is dynamically imported by /Users/abhishekverma/Desktop/Cluster/Projects/hrm8/frontend/src/pages/Employers.tsx, /Users/abhishekverma/Desktop/Cluster/Projects/hrm8/frontend/src/pages/Employers.tsx but also statically imported by /Users/abhishekverma/Desktop/Cluster/Projects/hrm8/frontend/src/components/employers/detail/EmployerOverview.tsx, /Users/abhishekverma/Desktop/Cluster/Projects/hrm8/frontend/src/components/employers/detail/services/CreateRPOServiceDialog.tsx, /Users/abhishekverma/Desktop/Cluster/Projects/hrm8/frontend/src/components/jobs/PaymentMethodSelector.tsx, /Users/abhishekverma/Desktop/Cluster/Projects/hrm8/frontend/src/lib/paymentService.ts, /Users/abhishekverma/Desktop/Cluster/Projects/hrm8/frontend/src/pages/EmployerDetail.tsx, /Users/abhishekverma/Desktop/Cluster/Projects/hrm8/frontend/src/pages/Employers.tsx, dynamic import will not move module into another chunk.

[plugin:vite:reporter] [plugin vite:reporter] 
(!) /Users/abhishekverma/Desktop/Cluster/Projects/hrm8/frontend/src/lib/api/jobRoundService.ts is dynamically imported by /Users/abhishekverma/Desktop/Cluster/Projects/hrm8/frontend/src/components/applications/CreateRoundDialog.tsx but also statically imported by /Users/abhishekverma/Desktop/Cluster/Projects/hrm8/frontend/src/components/applications/ApplicationPipeline.tsx, /Users/abhishekverma/Desktop/Cluster/Projects/hrm8/frontend/src/components/email/JobRoundAutomationTab.tsx, dynamic import will not move module into another chunk.

computing gzip size...
dist/index.html                                     1.21 kB │ gzip:     0.53 kB
dist/assets/icon-mark-B8matLD3.png                 11.81 kB
dist/assets/logo-dark-uOCPfJb1.png                 38.96 kB
dist/assets/logo-light-DDWlDQWT.png                41.65 kB
dist/assets/index-DhW8FyxV.css                    229.43 kB │ gzip:    34.20 kB
dist/assets/jobDescriptionService-BJDuA8D0.js       2.84 kB │ gzip:     1.05 kB
dist/assets/ContactsPage-DB1wPSxK.js               10.37 kB │ gzip:     2.97 kB
dist/assets/purify.es-B6FQ9oRL.js                  22.57 kB │ gzip:     8.74 kB
dist/assets/index.es-CNat-1g1.js                  150.45 kB │ gzip:    51.42 kB
dist/assets/html2canvas.esm-CBrSDip1.js           201.42 kB │ gzip:    48.03 kB
dist/assets/index-C_yQE5nz.js                  10,741.77 kB │ gzip: 2,690.48 kB

(!) Some chunks are larger than 500 kB after minification. Consider:
- Using dynamic import() to code-split the application
- Use build.rollupOptions.output.manualChunks to improve chunking: https://rollupjs.org/configuration-options/#output-manualchunks
- Adjust chunk size limit for this warning via build.chunkSizeWarningLimit.
✓ built in 43.72s
